..................................................................       [100%]
66 passed in 0.10s
